Archive member included to satisfy reference by file (symbol)

../../../../atmel_libraries/Library\libBrd111007NDB.a(SLCD4by20.o)
                              usart.o (SLCDWriteBuffer)
../../../../atmel_libraries/Library\libBrd111007NDB.a(AT90TWI.o)
                              ../../../../atmel_libraries/Library\libBrd111007NDB.a(SLCD4by20.o) (TWIInit)
../../../../atmel_libraries/Library\libBrd111007NDB.a(Delay.o)
                              ../../../../atmel_libraries/Library\libBrd111007NDB.a(SLCD4by20.o) (DelayMilliSec)
c:/program files (x86)/atmel/studio/7.0/toolchain/avr8/avr8-gnu-toolchain/bin/../lib/gcc/avr/5.4.0/avr51\libgcc.a(_exit.o)
                              C:/Program Files (x86)/Atmel/Studio/7.0/Packs/atmel/ATmega_DFP/1.7.374/gcc/dev/at90usb1287/avr51/crtat90usb1287.o (exit)
c:/program files (x86)/atmel/studio/7.0/toolchain/avr8/avr8-gnu-toolchain/bin/../lib/gcc/avr/5.4.0/avr51\libgcc.a(_tablejump2.o)
                              instructions.o (__tablejump2__)
c:/program files (x86)/atmel/studio/7.0/toolchain/avr8/avr8-gnu-toolchain/bin/../lib/gcc/avr/5.4.0/avr51\libgcc.a(_copy_data.o)
                              ../../../../atmel_libraries/Library\libBrd111007NDB.a(SLCD4by20.o) (__do_copy_data)
c:/program files (x86)/atmel/studio/7.0/toolchain/avr8/avr8-gnu-toolchain/bin/../lib/gcc/avr/5.4.0/avr51\libgcc.a(_clear_bss.o)
                              instructions.o (__do_clear_bss)

Allocating common symbols
Common symbol       size              file

p_buffer            0x2               instructions.o
setValue            0x2               instructions.o
instruction         0x1               instructions.o
buffer              0x6               instructions.o
execute_instruction
                    0x1               instructions.o
rxState             0x1               instructions.o

Discarded input sections

 .data          0x00000000        0x0 C:/Program Files (x86)/Atmel/Studio/7.0/Packs/atmel/ATmega_DFP/1.7.374/gcc/dev/at90usb1287/avr51/crtat90usb1287.o
 .bss           0x00000000        0x0 C:/Program Files (x86)/Atmel/Studio/7.0/Packs/atmel/ATmega_DFP/1.7.374/gcc/dev/at90usb1287/avr51/crtat90usb1287.o
 .text          0x00000000        0x0 instructions.o
 .data          0x00000000        0x0 instructions.o
 .bss           0x00000000        0x0 instructions.o
 .text          0x00000000        0x0 main.o
 .data          0x00000000        0x0 main.o
 .bss           0x00000000        0x0 main.o
 .text          0x00000000        0x0 usart.o
 .data          0x00000000        0x0 usart.o
 .bss           0x00000000        0x0 usart.o
 .text          0x00000000        0x0 ../../../../atmel_libraries/Library\libBrd111007NDB.a(SLCD4by20.o)
 .data          0x00000000        0x0 ../../../../atmel_libraries/Library\libBrd111007NDB.a(SLCD4by20.o)
 .bss           0x00000000        0x0 ../../../../atmel_libraries/Library\libBrd111007NDB.a(SLCD4by20.o)
 .text.SLCDCommandOne
                0x00000000       0x20 ../../../../atmel_libraries/Library\libBrd111007NDB.a(SLCD4by20.o)
 .text.SLCDCommandTwo
                0x00000000       0x24 ../../../../atmel_libraries/Library\libBrd111007NDB.a(SLCD4by20.o)
 .text.SLCDInit
                0x00000000       0x18 ../../../../atmel_libraries/Library\libBrd111007NDB.a(SLCD4by20.o)
 .text.SLCDWriteString
                0x00000000       0x22 ../../../../atmel_libraries/Library\libBrd111007NDB.a(SLCD4by20.o)
 .text.SLCDDisplayOn
                0x00000000        0x8 ../../../../atmel_libraries/Library\libBrd111007NDB.a(SLCD4by20.o)
 .text.SLCDDisplayOff
                0x00000000        0x8 ../../../../atmel_libraries/Library\libBrd111007NDB.a(SLCD4by20.o)
 .text.SLCDSetCursorPosition
                0x00000000       0x1c ../../../../atmel_libraries/Library\libBrd111007NDB.a(SLCD4by20.o)
 .rodata.str1.1
                0x00000000       0x15 ../../../../atmel_libraries/Library\libBrd111007NDB.a(SLCD4by20.o)
 .text.SLCDClearToEOL
                0x00000000       0x1c ../../../../atmel_libraries/Library\libBrd111007NDB.a(SLCD4by20.o)
 .text.SLCDSetCursorOffset
                0x00000000        0xa ../../../../atmel_libraries/Library\libBrd111007NDB.a(SLCD4by20.o)
 .text.SLCDHomeCursor
                0x00000000        0x8 ../../../../atmel_libraries/Library\libBrd111007NDB.a(SLCD4by20.o)
 .text.SLCDTurnOnUnderlineCursor
                0x00000000        0x8 ../../../../atmel_libraries/Library\libBrd111007NDB.a(SLCD4by20.o)
 .text.SLCDTurnOffUnderlineCursor
                0x00000000        0x8 ../../../../atmel_libraries/Library\libBrd111007NDB.a(SLCD4by20.o)
 .text.SLCDSetCursorLeftOneSpace
                0x00000000        0x8 ../../../../atmel_libraries/Library\libBrd111007NDB.a(SLCD4by20.o)
 .text.SLCDSetCursorRightOneSpace
                0x00000000        0x8 ../../../../atmel_libraries/Library\libBrd111007NDB.a(SLCD4by20.o)
 .text.SLCDTurnOnBlinkingCursor
                0x00000000        0x8 ../../../../atmel_libraries/Library\libBrd111007NDB.a(SLCD4by20.o)
 .text.SLCDTurnOffBlinkingCursor
                0x00000000        0x8 ../../../../atmel_libraries/Library\libBrd111007NDB.a(SLCD4by20.o)
 .text.SLCDBackspace
                0x00000000        0x8 ../../../../atmel_libraries/Library\libBrd111007NDB.a(SLCD4by20.o)
 .text.SLCDClearScreen
                0x00000000       0x10 ../../../../atmel_libraries/Library\libBrd111007NDB.a(SLCD4by20.o)
 .text.SLCDSetContrast
                0x00000000        0xe ../../../../atmel_libraries/Library\libBrd111007NDB.a(SLCD4by20.o)
 .text.SLCDSetBacklightBrightness
                0x00000000       0x12 ../../../../atmel_libraries/Library\libBrd111007NDB.a(SLCD4by20.o)
 .text.SLCDLoadCustomCharacter
                0x00000000       0x36 ../../../../atmel_libraries/Library\libBrd111007NDB.a(SLCD4by20.o)
 .text.SLCDShiftDisplayLeft
                0x00000000        0x8 ../../../../atmel_libraries/Library\libBrd111007NDB.a(SLCD4by20.o)
 .text.SLCDShiftDisplayRight
                0x00000000        0x8 ../../../../atmel_libraries/Library\libBrd111007NDB.a(SLCD4by20.o)
 .text.SLCDDisplayFirmwareVersion
                0x00000000        0x8 ../../../../atmel_libraries/Library\libBrd111007NDB.a(SLCD4by20.o)
 .text.SLCDDisplayI2CAddress
                0x00000000        0x8 ../../../../atmel_libraries/Library\libBrd111007NDB.a(SLCD4by20.o)
 .bss.Buffer.1707
                0x00000000        0xb ../../../../atmel_libraries/Library\libBrd111007NDB.a(SLCD4by20.o)
 .bss.Buf.1728  0x00000000        0x3 ../../../../atmel_libraries/Library\libBrd111007NDB.a(SLCD4by20.o)
 .rodata.RowOffsets.1667
                0x00000000        0x4 ../../../../atmel_libraries/Library\libBrd111007NDB.a(SLCD4by20.o)
 .bss.Buf.1723  0x00000000        0x2 ../../../../atmel_libraries/Library\libBrd111007NDB.a(SLCD4by20.o)
 .text          0x00000000        0x0 ../../../../atmel_libraries/Library\libBrd111007NDB.a(AT90TWI.o)
 .data          0x00000000        0x0 ../../../../atmel_libraries/Library\libBrd111007NDB.a(AT90TWI.o)
 .bss           0x00000000        0x0 ../../../../atmel_libraries/Library\libBrd111007NDB.a(AT90TWI.o)
 .text.TWIInit  0x00000000       0x12 ../../../../atmel_libraries/Library\libBrd111007NDB.a(AT90TWI.o)
 .text.TWIReadAddress
                0x00000000       0x2a ../../../../atmel_libraries/Library\libBrd111007NDB.a(AT90TWI.o)
 .text.TWIReadDataWithNack
                0x00000000       0x20 ../../../../atmel_libraries/Library\libBrd111007NDB.a(AT90TWI.o)
 .text.TWIReadDataWithAck
                0x00000000       0x20 ../../../../atmel_libraries/Library\libBrd111007NDB.a(AT90TWI.o)
 .text.TWIStop  0x00000000        0x8 ../../../../atmel_libraries/Library\libBrd111007NDB.a(AT90TWI.o)
 .text.TWIWriteToDevice
                0x00000000       0x3c ../../../../atmel_libraries/Library\libBrd111007NDB.a(AT90TWI.o)
 .text.TWIWriteBufferRepeatStart
                0x00000000       0x3e ../../../../atmel_libraries/Library\libBrd111007NDB.a(AT90TWI.o)
 .text.TWIReadFromDevice
                0x00000000       0x56 ../../../../atmel_libraries/Library\libBrd111007NDB.a(AT90TWI.o)
 .text          0x00000000        0x0 ../../../../atmel_libraries/Library\libBrd111007NDB.a(Delay.o)
 .data          0x00000000        0x0 ../../../../atmel_libraries/Library\libBrd111007NDB.a(Delay.o)
 .bss           0x00000000        0x0 ../../../../atmel_libraries/Library\libBrd111007NDB.a(Delay.o)
 .text          0x00000000        0x0 c:/program files (x86)/atmel/studio/7.0/toolchain/avr8/avr8-gnu-toolchain/bin/../lib/gcc/avr/5.4.0/avr51\libgcc.a(_exit.o)
 .data          0x00000000        0x0 c:/program files (x86)/atmel/studio/7.0/toolchain/avr8/avr8-gnu-toolchain/bin/../lib/gcc/avr/5.4.0/avr51\libgcc.a(_exit.o)
 .bss           0x00000000        0x0 c:/program files (x86)/atmel/studio/7.0/toolchain/avr8/avr8-gnu-toolchain/bin/../lib/gcc/avr/5.4.0/avr51\libgcc.a(_exit.o)
 .text.libgcc.mul
                0x00000000        0x0 c:/program files (x86)/atmel/studio/7.0/toolchain/avr8/avr8-gnu-toolchain/bin/../lib/gcc/avr/5.4.0/avr51\libgcc.a(_exit.o)
 .text.libgcc.div
                0x00000000        0x0 c:/program files (x86)/atmel/studio/7.0/toolchain/avr8/avr8-gnu-toolchain/bin/../lib/gcc/avr/5.4.0/avr51\libgcc.a(_exit.o)
 .text.libgcc   0x00000000        0x0 c:/program files (x86)/atmel/studio/7.0/toolchain/avr8/avr8-gnu-toolchain/bin/../lib/gcc/avr/5.4.0/avr51\libgcc.a(_exit.o)
 .text.libgcc.prologue
                0x00000000        0x0 c:/program files (x86)/atmel/studio/7.0/toolchain/avr8/avr8-gnu-toolchain/bin/../lib/gcc/avr/5.4.0/avr51\libgcc.a(_exit.o)
 .text.libgcc.builtins
                0x00000000        0x0 c:/program files (x86)/atmel/studio/7.0/toolchain/avr8/avr8-gnu-toolchain/bin/../lib/gcc/avr/5.4.0/avr51\libgcc.a(_exit.o)
 .text.libgcc.fmul
                0x00000000        0x0 c:/program files (x86)/atmel/studio/7.0/toolchain/avr8/avr8-gnu-toolchain/bin/../lib/gcc/avr/5.4.0/avr51\libgcc.a(_exit.o)
 .text.libgcc.fixed
                0x00000000        0x0 c:/program files (x86)/atmel/studio/7.0/toolchain/avr8/avr8-gnu-toolchain/bin/../lib/gcc/avr/5.4.0/avr51\libgcc.a(_exit.o)
 .text          0x00000000        0x0 c:/program files (x86)/atmel/studio/7.0/toolchain/avr8/avr8-gnu-toolchain/bin/../lib/gcc/avr/5.4.0/avr51\libgcc.a(_tablejump2.o)
 .data          0x00000000        0x0 c:/program files (x86)/atmel/studio/7.0/toolchain/avr8/avr8-gnu-toolchain/bin/../lib/gcc/avr/5.4.0/avr51\libgcc.a(_tablejump2.o)
 .bss           0x00000000        0x0 c:/program files (x86)/atmel/studio/7.0/toolchain/avr8/avr8-gnu-toolchain/bin/../lib/gcc/avr/5.4.0/avr51\libgcc.a(_tablejump2.o)
 .text.libgcc.mul
                0x00000000        0x0 c:/program files (x86)/atmel/studio/7.0/toolchain/avr8/avr8-gnu-toolchain/bin/../lib/gcc/avr/5.4.0/avr51\libgcc.a(_tablejump2.o)
 .text.libgcc.div
                0x00000000        0x0 c:/program files (x86)/atmel/studio/7.0/toolchain/avr8/avr8-gnu-toolchain/bin/../lib/gcc/avr/5.4.0/avr51\libgcc.a(_tablejump2.o)
 .text.libgcc.prologue
                0x00000000        0x0 c:/program files (x86)/atmel/studio/7.0/toolchain/avr8/avr8-gnu-toolchain/bin/../lib/gcc/avr/5.4.0/avr51\libgcc.a(_tablejump2.o)
 .text.libgcc.builtins
                0x00000000        0x0 c:/program files (x86)/atmel/studio/7.0/toolchain/avr8/avr8-gnu-toolchain/bin/../lib/gcc/avr/5.4.0/avr51\libgcc.a(_tablejump2.o)
 .text.libgcc.fmul
                0x00000000        0x0 c:/program files (x86)/atmel/studio/7.0/toolchain/avr8/avr8-gnu-toolchain/bin/../lib/gcc/avr/5.4.0/avr51\libgcc.a(_tablejump2.o)
 .text.libgcc.fixed
                0x00000000        0x0 c:/program files (x86)/atmel/studio/7.0/toolchain/avr8/avr8-gnu-toolchain/bin/../lib/gcc/avr/5.4.0/avr51\libgcc.a(_tablejump2.o)
 .text          0x00000000        0x0 c:/program files (x86)/atmel/studio/7.0/toolchain/avr8/avr8-gnu-toolchain/bin/../lib/gcc/avr/5.4.0/avr51\libgcc.a(_copy_data.o)
 .data          0x00000000        0x0 c:/program files (x86)/atmel/studio/7.0/toolchain/avr8/avr8-gnu-toolchain/bin/../lib/gcc/avr/5.4.0/avr51\libgcc.a(_copy_data.o)
 .bss           0x00000000        0x0 c:/program files (x86)/atmel/studio/7.0/toolchain/avr8/avr8-gnu-toolchain/bin/../lib/gcc/avr/5.4.0/avr51\libgcc.a(_copy_data.o)
 .text.libgcc.mul
                0x00000000        0x0 c:/program files (x86)/atmel/studio/7.0/toolchain/avr8/avr8-gnu-toolchain/bin/../lib/gcc/avr/5.4.0/avr51\libgcc.a(_copy_data.o)
 .text.libgcc.div
                0x00000000        0x0 c:/program files (x86)/atmel/studio/7.0/toolchain/avr8/avr8-gnu-toolchain/bin/../lib/gcc/avr/5.4.0/avr51\libgcc.a(_copy_data.o)
 .text.libgcc   0x00000000        0x0 c:/program files (x86)/atmel/studio/7.0/toolchain/avr8/avr8-gnu-toolchain/bin/../lib/gcc/avr/5.4.0/avr51\libgcc.a(_copy_data.o)
 .text.libgcc.prologue
                0x00000000        0x0 c:/program files (x86)/atmel/studio/7.0/toolchain/avr8/avr8-gnu-toolchain/bin/../lib/gcc/avr/5.4.0/avr51\libgcc.a(_copy_data.o)
 .text.libgcc.builtins
                0x00000000        0x0 c:/program files (x86)/atmel/studio/7.0/toolchain/avr8/avr8-gnu-toolchain/bin/../lib/gcc/avr/5.4.0/avr51\libgcc.a(_copy_data.o)
 .text.libgcc.fmul
                0x00000000        0x0 c:/program files (x86)/atmel/studio/7.0/toolchain/avr8/avr8-gnu-toolchain/bin/../lib/gcc/avr/5.4.0/avr51\libgcc.a(_copy_data.o)
 .text.libgcc.fixed
                0x00000000        0x0 c:/program files (x86)/atmel/studio/7.0/toolchain/avr8/avr8-gnu-toolchain/bin/../lib/gcc/avr/5.4.0/avr51\libgcc.a(_copy_data.o)
 .text          0x00000000        0x0 c:/program files (x86)/atmel/studio/7.0/toolchain/avr8/avr8-gnu-toolchain/bin/../lib/gcc/avr/5.4.0/avr51\libgcc.a(_clear_bss.o)
 .data          0x00000000        0x0 c:/program files (x86)/atmel/studio/7.0/toolchain/avr8/avr8-gnu-toolchain/bin/../lib/gcc/avr/5.4.0/avr51\libgcc.a(_clear_bss.o)
 .bss           0x00000000        0x0 c:/program files (x86)/atmel/studio/7.0/toolchain/avr8/avr8-gnu-toolchain/bin/../lib/gcc/avr/5.4.0/avr51\libgcc.a(_clear_bss.o)
 .text.libgcc.mul
                0x00000000        0x0 c:/program files (x86)/atmel/studio/7.0/toolchain/avr8/avr8-gnu-toolchain/bin/../lib/gcc/avr/5.4.0/avr51\libgcc.a(_clear_bss.o)
 .text.libgcc.div
                0x00000000        0x0 c:/program files (x86)/atmel/studio/7.0/toolchain/avr8/avr8-gnu-toolchain/bin/../lib/gcc/avr/5.4.0/avr51\libgcc.a(_clear_bss.o)
 .text.libgcc   0x00000000        0x0 c:/program files (x86)/atmel/studio/7.0/toolchain/avr8/avr8-gnu-toolchain/bin/../lib/gcc/avr/5.4.0/avr51\libgcc.a(_clear_bss.o)
 .text.libgcc.prologue
                0x00000000        0x0 c:/program files (x86)/atmel/studio/7.0/toolchain/avr8/avr8-gnu-toolchain/bin/../lib/gcc/avr/5.4.0/avr51\libgcc.a(_clear_bss.o)
 .text.libgcc.builtins
                0x00000000        0x0 c:/program files (x86)/atmel/studio/7.0/toolchain/avr8/avr8-gnu-toolchain/bin/../lib/gcc/avr/5.4.0/avr51\libgcc.a(_clear_bss.o)
 .text.libgcc.fmul
                0x00000000        0x0 c:/program files (x86)/atmel/studio/7.0/toolchain/avr8/avr8-gnu-toolchain/bin/../lib/gcc/avr/5.4.0/avr51\libgcc.a(_clear_bss.o)
 .text.libgcc.fixed
                0x00000000        0x0 c:/program files (x86)/atmel/studio/7.0/toolchain/avr8/avr8-gnu-toolchain/bin/../lib/gcc/avr/5.4.0/avr51\libgcc.a(_clear_bss.o)

Memory Configuration

Name             Origin             Length             Attributes
text             0x00000000         0x00020000         xr
data             0x00800100         0x00002000         rw !x
eeprom           0x00810000         0x00001000         rw !x
fuse             0x00820000         0x00000003         rw !x
lock             0x00830000         0x00000400         rw !x
signature        0x00840000         0x00000400         rw !x
user_signatures  0x00850000         0x00000400         rw !x
*default*        0x00000000         0xffffffff

Linker script and memory map

Address of section .data set to 0x800100
LOAD C:/Program Files (x86)/Atmel/Studio/7.0/Packs/atmel/ATmega_DFP/1.7.374/gcc/dev/at90usb1287/avr51/crtat90usb1287.o
LOAD instructions.o
LOAD main.o
LOAD usart.o
START GROUP
LOAD c:/program files (x86)/atmel/studio/7.0/toolchain/avr8/avr8-gnu-toolchain/bin/../lib/gcc/avr/5.4.0/../../../../avr/lib/avr51\libm.a
LOAD ../../../../atmel_libraries/Library\libBrd111007NDB.a
END GROUP
START GROUP
LOAD c:/program files (x86)/atmel/studio/7.0/toolchain/avr8/avr8-gnu-toolchain/bin/../lib/gcc/avr/5.4.0/avr51\libgcc.a
LOAD c:/program files (x86)/atmel/studio/7.0/toolchain/avr8/avr8-gnu-toolchain/bin/../lib/gcc/avr/5.4.0/../../../../avr/lib/avr51\libm.a
LOAD c:/program files (x86)/atmel/studio/7.0/toolchain/avr8/avr8-gnu-toolchain/bin/../lib/gcc/avr/5.4.0/../../../../avr/lib/avr51\libc.a
LOAD C:/Program Files (x86)/Atmel/Studio/7.0/Packs/atmel/ATmega_DFP/1.7.374/gcc/dev/at90usb1287/avr51\libat90usb1287.a
END GROUP
                0x00000000                __TEXT_REGION_ORIGIN__ = DEFINED (__TEXT_REGION_ORIGIN__)?__TEXT_REGION_ORIGIN__:0x0
                [0x00800100]                __DATA_REGION_ORIGIN__ = DEFINED (__DATA_REGION_ORIGIN__)?__DATA_REGION_ORIGIN__:0x800100
                [0x00020000]                __TEXT_REGION_LENGTH__ = DEFINED (__TEXT_REGION_LENGTH__)?__TEXT_REGION_LENGTH__:0x20000
                [0x00002000]                __DATA_REGION_LENGTH__ = DEFINED (__DATA_REGION_LENGTH__)?__DATA_REGION_LENGTH__:0xff00
                [0x00001000]                __EEPROM_REGION_LENGTH__ = DEFINED (__EEPROM_REGION_LENGTH__)?__EEPROM_REGION_LENGTH__:0x10000
                [0x00000003]                __FUSE_REGION_LENGTH__ = DEFINED (__FUSE_REGION_LENGTH__)?__FUSE_REGION_LENGTH__:0x400
                0x00000400                __LOCK_REGION_LENGTH__ = DEFINED (__LOCK_REGION_LENGTH__)?__LOCK_REGION_LENGTH__:0x400
                0x00000400                __SIGNATURE_REGION_LENGTH__ = DEFINED (__SIGNATURE_REGION_LENGTH__)?__SIGNATURE_REGION_LENGTH__:0x400
                0x00000400                __USER_SIGNATURE_REGION_LENGTH__ = DEFINED (__USER_SIGNATURE_REGION_LENGTH__)?__USER_SIGNATURE_REGION_LENGTH__:0x400

.hash
 *(.hash)

.dynsym
 *(.dynsym)

.dynstr
 *(.dynstr)

.gnu.version
 *(.gnu.version)

.gnu.version_d
 *(.gnu.version_d)

.gnu.version_r
 *(.gnu.version_r)

.rel.init
 *(.rel.init)

.rela.init
 *(.rela.init)

.rel.text
 *(.rel.text)
 *(.rel.text.*)
 *(.rel.gnu.linkonce.t*)

.rela.text
 *(.rela.text)
 *(.rela.text.*)
 *(.rela.gnu.linkonce.t*)

.rel.fini
 *(.rel.fini)

.rela.fini
 *(.rela.fini)

.rel.rodata
 *(.rel.rodata)
 *(.rel.rodata.*)
 *(.rel.gnu.linkonce.r*)

.rela.rodata
 *(.rela.rodata)
 *(.rela.rodata.*)
 *(.rela.gnu.linkonce.r*)

.rel.data
 *(.rel.data)
 *(.rel.data.*)
 *(.rel.gnu.linkonce.d*)

.rela.data
 *(.rela.data)
 *(.rela.data.*)
 *(.rela.gnu.linkonce.d*)

.rel.ctors
 *(.rel.ctors)

.rela.ctors
 *(.rela.ctors)

.rel.dtors
 *(.rel.dtors)

.rela.dtors
 *(.rela.dtors)

.rel.got
 *(.rel.got)

.rela.got
 *(.rela.got)

.rel.bss
 *(.rel.bss)

.rela.bss
 *(.rela.bss)

.rel.plt
 *(.rel.plt)

.rela.plt
 *(.rela.plt)

.text           0x00000000      0x4ae
 *(.vectors)
 .vectors       0x00000000       0x98 C:/Program Files (x86)/Atmel/Studio/7.0/Packs/atmel/ATmega_DFP/1.7.374/gcc/dev/at90usb1287/avr51/crtat90usb1287.o
                0x00000000                __vector_default
                0x00000000                __vectors
 *(.vectors)
 *(.progmem.gcc*)
 .progmem.gcc_sw_table.executeInstruction
                0x00000098       0x1c instructions.o
                0x000000b4                . = ALIGN (0x2)
                0x000000b4                __trampolines_start = .
 *(.trampolines)
 .trampolines   0x000000b4        0x0 linker stubs
 *(.trampolines*)
                0x000000b4                __trampolines_end = .
 *libprintf_flt.a:*(.progmem.data)
 *libc.a:*(.progmem.data)
 *(.progmem*)
                0x000000b4                . = ALIGN (0x2)
 *(.jumptables)
 *(.jumptables*)
 *(.lowtext)
 *(.lowtext*)
                0x000000b4                __ctors_start = .
 *(.ctors)
                0x000000b4                __ctors_end = .
                0x000000b4                __dtors_start = .
 *(.dtors)
                0x000000b4                __dtors_end = .
 SORT(*)(.ctors)
 SORT(*)(.dtors)
 *(.init0)
 .init0         0x000000b4        0x0 C:/Program Files (x86)/Atmel/Studio/7.0/Packs/atmel/ATmega_DFP/1.7.374/gcc/dev/at90usb1287/avr51/crtat90usb1287.o
                0x000000b4                __init
 *(.init0)
 *(.init1)
 *(.init1)
 *(.init2)
 .init2         0x000000b4        0xc C:/Program Files (x86)/Atmel/Studio/7.0/Packs/atmel/ATmega_DFP/1.7.374/gcc/dev/at90usb1287/avr51/crtat90usb1287.o
 *(.init2)
 *(.init3)
 *(.init3)
 *(.init4)
 .init4         0x000000c0       0x1a c:/program files (x86)/atmel/studio/7.0/toolchain/avr8/avr8-gnu-toolchain/bin/../lib/gcc/avr/5.4.0/avr51\libgcc.a(_copy_data.o)
                0x000000c0                __do_copy_data
 .init4         0x000000da       0x10 c:/program files (x86)/atmel/studio/7.0/toolchain/avr8/avr8-gnu-toolchain/bin/../lib/gcc/avr/5.4.0/avr51\libgcc.a(_clear_bss.o)
                0x000000da                __do_clear_bss
 *(.init4)
 *(.init5)
 *(.init5)
 *(.init6)
 *(.init6)
 *(.init7)
 *(.init7)
 *(.init8)
 *(.init8)
 *(.init9)
 .init9         0x000000ea        0x4 C:/Program Files (x86)/Atmel/Studio/7.0/Packs/atmel/ATmega_DFP/1.7.374/gcc/dev/at90usb1287/avr51/crtat90usb1287.o
 *(.init9)
 *(.text)
 .text          0x000000ee        0x2 C:/Program Files (x86)/Atmel/Studio/7.0/Packs/atmel/ATmega_DFP/1.7.374/gcc/dev/at90usb1287/avr51/crtat90usb1287.o
                0x000000ee                __vector_22
                0x000000ee                __vector_28
                0x000000ee                __vector_1
                0x000000ee                __vector_32
                0x000000ee                __vector_34
                0x000000ee                __vector_24
                0x000000ee                __vector_12
                0x000000ee                __bad_interrupt
                0x000000ee                __vector_6
                0x000000ee                __vector_31
                0x000000ee                __vector_35
                0x000000ee                __vector_3
                0x000000ee                __vector_23
                0x000000ee                __vector_30
                0x000000ee                __vector_11
                0x000000ee                __vector_13
                0x000000ee                __vector_17
                0x000000ee                __vector_19
                0x000000ee                __vector_7
                0x000000ee                __vector_27
                0x000000ee                __vector_5
                0x000000ee                __vector_33
                0x000000ee                __vector_37
                0x000000ee                __vector_4
                0x000000ee                __vector_9
                0x000000ee                __vector_2
                0x000000ee                __vector_21
                0x000000ee                __vector_15
                0x000000ee                __vector_36
                0x000000ee                __vector_29
                0x000000ee                __vector_8
                0x000000ee                __vector_26
                0x000000ee                __vector_14
                0x000000ee                __vector_10
                0x000000ee                __vector_16
                0x000000ee                __vector_18
                0x000000ee                __vector_20
                0x000000f0                . = ALIGN (0x2)
 *(.text.*)
 .text.executeInstruction
                0x000000f0       0xe8 instructions.o
                0x000000f0                executeInstruction
 .text.setup    0x000001d8       0x5a main.o
                0x000001d8                setup
 .text.main     0x00000232        0xe main.o
                0x00000232                main
 .text.__vector_25
                0x00000240       0x4e main.o
                0x00000240                __vector_25
 .text.sendUsart
                0x0000028e        0xe usart.o
                0x0000028e                sendUsart
 .text.sendAdcUsart
                0x0000029c       0x1e usart.o
                0x0000029c                sendAdcUsart
 .text.printBuffer
                0x000002ba       0x22 usart.o
                0x000002ba                printBuffer
 .text.readUsart
                0x000002dc       0xe0 usart.o
                0x000002dc                readUsart
 .text.SLCDWriteBuffer
                0x000003bc        0xe ../../../../atmel_libraries/Library\libBrd111007NDB.a(SLCD4by20.o)
                0x000003bc                SLCDWriteBuffer
 .text.TWIStart
                0x000003ca       0x18 ../../../../atmel_libraries/Library\libBrd111007NDB.a(AT90TWI.o)
                0x000003ca                TWIStart
 .text.TWIWriteAddress
                0x000003e2       0x28 ../../../../atmel_libraries/Library\libBrd111007NDB.a(AT90TWI.o)
                0x000003e2                TWIWriteAddress
 .text.TWIWriteData
                0x0000040a       0x1c ../../../../atmel_libraries/Library\libBrd111007NDB.a(AT90TWI.o)
                0x0000040a                TWIWriteData
 .text.TWIWriteBuffer
                0x00000426       0x3a ../../../../atmel_libraries/Library\libBrd111007NDB.a(AT90TWI.o)
                0x00000426                TWIWriteBuffer
 .text.DelayMicroSec
                0x00000460       0x1c ../../../../atmel_libraries/Library\libBrd111007NDB.a(Delay.o)
                0x00000460                DelayMicroSec
 .text.DelayMilliSec
                0x0000047c       0x1c ../../../../atmel_libraries/Library\libBrd111007NDB.a(Delay.o)
                0x0000047c                DelayMilliSec
 .text.libgcc   0x00000498       0x12 c:/program files (x86)/atmel/studio/7.0/toolchain/avr8/avr8-gnu-toolchain/bin/../lib/gcc/avr/5.4.0/avr51\libgcc.a(_tablejump2.o)
                0x00000498                __tablejump2__
                0x000004aa                . = ALIGN (0x2)
 *(.fini9)
 .fini9         0x000004aa        0x0 c:/program files (x86)/atmel/studio/7.0/toolchain/avr8/avr8-gnu-toolchain/bin/../lib/gcc/avr/5.4.0/avr51\libgcc.a(_exit.o)
                0x000004aa                _exit
                0x000004aa                exit
 *(.fini9)
 *(.fini8)
 *(.fini8)
 *(.fini7)
 *(.fini7)
 *(.fini6)
 *(.fini6)
 *(.fini5)
 *(.fini5)
 *(.fini4)
 *(.fini4)
 *(.fini3)
 *(.fini3)
 *(.fini2)
 *(.fini2)
 *(.fini1)
 *(.fini1)
 *(.fini0)
 .fini0         0x000004aa        0x4 c:/program files (x86)/atmel/studio/7.0/toolchain/avr8/avr8-gnu-toolchain/bin/../lib/gcc/avr/5.4.0/avr51\libgcc.a(_exit.o)
 *(.fini0)
                0x000004ae                _etext = .

.data           0x00800100        0x0 load address 0x000004ae
                0x00800100                PROVIDE (__data_start, .)
 *(.data)
 *(.data*)
 *(.gnu.linkonce.d*)
 *(.rodata)
 *(.rodata*)
 *(.gnu.linkonce.r*)
                0x00800100                . = ALIGN (0x2)
                0x00800100                _edata = .
                0x00800100                PROVIDE (__data_end, .)

.bss            0x00800100        0xd
                0x00800100                PROVIDE (__bss_start, .)
 *(.bss)
 *(.bss*)
 *(COMMON)
 COMMON         0x00800100        0xd instructions.o
                0x00800100                p_buffer
                0x00800102                setValue
                0x00800104                instruction
                0x00800105                buffer
                0x0080010b                execute_instruction
                0x0080010c                rxState
                0x0080010d                PROVIDE (__bss_end, .)
                0x000004ae                __data_load_start = LOADADDR (.data)
                0x000004ae                __data_load_end = (__data_load_start + SIZEOF (.data))

.noinit         0x0080010d        0x0
                [!provide]                PROVIDE (__noinit_start, .)
 *(.noinit*)
                [!provide]                PROVIDE (__noinit_end, .)
                0x0080010d                _end = .
                [!provide]                PROVIDE (__heap_start, .)

.eeprom         0x00810000        0x0
 *(.eeprom*)
                0x00810000                __eeprom_end = .

.fuse
 *(.fuse)
 *(.lfuse)
 *(.hfuse)
 *(.efuse)

.lock
 *(.lock*)

.signature
 *(.signature*)

.user_signatures
 *(.user_signatures*)

.stab
 *(.stab)

.stabstr
 *(.stabstr)

.stab.excl
 *(.stab.excl)

.stab.exclstr
 *(.stab.exclstr)

.stab.index
 *(.stab.index)

.stab.indexstr
 *(.stab.indexstr)

.comment        0x00000000       0x60
 *(.comment)
 .comment       0x00000000       0x30 instructions.o
                                 0x31 (size before relaxing)
 .comment       0x00000030       0x31 main.o
 .comment       0x00000030       0x31 usart.o
 .comment       0x00000030       0x30 ../../../../atmel_libraries/Library\libBrd111007NDB.a(SLCD4by20.o)
                                 0x31 (size before relaxing)
 .comment       0x00000060       0x31 ../../../../atmel_libraries/Library\libBrd111007NDB.a(AT90TWI.o)
 .comment       0x00000060       0x31 ../../../../atmel_libraries/Library\libBrd111007NDB.a(Delay.o)

.note.gnu.avr.deviceinfo
                0x00000000       0x40
 .note.gnu.avr.deviceinfo
                0x00000000       0x40 C:/Program Files (x86)/Atmel/Studio/7.0/Packs/atmel/ATmega_DFP/1.7.374/gcc/dev/at90usb1287/avr51/crtat90usb1287.o

.note.gnu.build-id
 *(.note.gnu.build-id)

.debug
 *(.debug)

.line
 *(.line)

.debug_srcinfo
 *(.debug_srcinfo)

.debug_sfnames
 *(.debug_sfnames)

.debug_aranges  0x00000000       0x88
 *(.debug_aranges)
 .debug_aranges
                0x00000000       0x20 instructions.o
 .debug_aranges
                0x00000020       0x30 main.o
 .debug_aranges
                0x00000050       0x38 usart.o

.debug_pubnames
 *(.debug_pubnames)

.debug_info     0x00000000     0x1140
 *(.debug_info .gnu.linkonce.wi.*)
 .debug_info    0x00000000      0xb70 C:/Program Files (x86)/Atmel/Studio/7.0/Packs/atmel/ATmega_DFP/1.7.374/gcc/dev/at90usb1287/avr51/crtat90usb1287.o
 .debug_info    0x00000b70      0x204 instructions.o
 .debug_info    0x00000d74      0x1c3 main.o
 .debug_info    0x00000f37      0x209 usart.o

.debug_abbrev   0x00000000      0xdad
 *(.debug_abbrev)
 .debug_abbrev  0x00000000      0xad2 C:/Program Files (x86)/Atmel/Studio/7.0/Packs/atmel/ATmega_DFP/1.7.374/gcc/dev/at90usb1287/avr51/crtat90usb1287.o
 .debug_abbrev  0x00000ad2       0xc5 instructions.o
 .debug_abbrev  0x00000b97       0xfd main.o
 .debug_abbrev  0x00000c94      0x119 usart.o

.debug_line     0x00000000      0x633
 *(.debug_line .debug_line.* .debug_line_end)
 .debug_line    0x00000000      0x17c C:/Program Files (x86)/Atmel/Studio/7.0/Packs/atmel/ATmega_DFP/1.7.374/gcc/dev/at90usb1287/avr51/crtat90usb1287.o
 .debug_line    0x0000017c      0x180 instructions.o
 .debug_line    0x000002fc      0x14a main.o
 .debug_line    0x00000446      0x1ed usart.o

.debug_frame    0x00000000      0x110
 *(.debug_frame)
 .debug_frame   0x00000000       0x24 instructions.o
 .debug_frame   0x00000024       0x8c main.o
 .debug_frame   0x000000b0       0x60 usart.o

.debug_str      0x00000000      0x654
 *(.debug_str)
 .debug_str     0x00000000      0x3f7 C:/Program Files (x86)/Atmel/Studio/7.0/Packs/atmel/ATmega_DFP/1.7.374/gcc/dev/at90usb1287/avr51/crtat90usb1287.o
 .debug_str     0x000003f7      0x1e5 instructions.o
                                0x231 (size before relaxing)
 .debug_str     0x000005dc       0x2d main.o
                                0x233 (size before relaxing)
 .debug_str     0x00000609       0x4b usart.o
                                0x25f (size before relaxing)

.debug_loc      0x00000000      0x15e
 *(.debug_loc)
 .debug_loc     0x00000000       0xcb main.o
 .debug_loc     0x000000cb       0x93 usart.o

.debug_macinfo
 *(.debug_macinfo)

.debug_weaknames
 *(.debug_weaknames)

.debug_funcnames
 *(.debug_funcnames)

.debug_typenames
 *(.debug_typenames)

.debug_varnames
 *(.debug_varnames)

.debug_pubtypes
 *(.debug_pubtypes)

.debug_ranges   0x00000000       0x58
 *(.debug_ranges)
 .debug_ranges  0x00000000       0x10 instructions.o
 .debug_ranges  0x00000010       0x20 main.o
 .debug_ranges  0x00000030       0x28 usart.o

.debug_macro
 *(.debug_macro)
OUTPUT(esd_assignment_1.elf elf32-avr)
LOAD linker stubs
